<html>
<body>
<pre>
<h1>µVision Build Log</h1>
<h2>Project:</h2>
C:\Users\prasad\Desktop\DATA\CLASS PROGRAMS-20230321\LPC2129_SPI_EEPROM_BITBANGING_27012023\LPC2129_SPI_PERIPHERAL_EEPROM_25LC512\sample.uvproj
Project File Date:  08/16/2022

<h2>Output:</h2>
Rebuild target 'Target 1'
assembling Startup.s...
compiling spi.c...
compiling spi_eeprom.c...
compiling delay.c...
compiling main_spi_eeprom_test1.c...
linking...
Program Size: Code=1332 RO-data=16 RW-data=0 ZI-data=1264  
FromELF: creating hex file...
".\OnChipSPI.axf" - 0 Error(s), 0 Warning(s).
</pre>
</body>
</html>
 created
omELF: creating hex file...
".\OnChipSPI.axf" - 0 Error(s), 1 Warning(s).
mbols.
Finished: 1 information, 0 warning and 1 error messages.
".\OnChipSPI.axf" - 1 Error(s), 1 Warning(s).
Target not created
