<html>
<body>
<pre>
<h1>µVision Build Log</h1>
<h2>Project:</h2>
E:\Project\Files\source.uvproj
Project File Date:  07/02/2024

<h2>Output:</h2>
Build target 'Source'
assembling Startup.s...
compiling delay.c...
compiling main.c...
compiling mainFunctions.c...
src\mainFunctions.c(54): warning:  #177-D: variable "Message" was declared but never referenced
src\mainFunctions.c:    s8 Message[16];
src\mainFunctions.c:       ^
src\mainFunctions.c: src\mainFunctions.c: 1 warning, 0 errors
compiling MQ2.c...
compiling lm35.c...
compiling adc.c...
compiling Interrupt.c...
UART\Interrupt.c(27): warning:  #63-D: shift count is too large
UART\Interrupt.c:       CFGPIN(PINSEL0,INTERSWITCH,FUNC4);
UART\Interrupt.c:       ^
UART\Interrupt.c(27): error:  #20: identifier "FUNC4" is undefined
UART\Interrupt.c:       CFGPIN(PINSEL0,INTERSWITCH,FUNC4);
UART\Interrupt.c:       ^
UART\Interrupt.c: UART\Interrupt.c: 1 warning, 1 error
compiling uart.c...
compiling I2C.c...
compiling kpm.c...
compiling lcd.c...
compiling LED.c...
compiling GSM.c...
compiling eeprom.c...
Target not created
Build target 'Source'
assembling Startup.s...
compiling delay.c...
compiling main.c...
compiling mainFunctions.c...
src\mainFunctions.c(54): warning:  #177-D: variable "Message" was declared but never referenced
src\mainFunctions.c:    s8 Message[16];
src\mainFunctions.c:       ^
src\mainFunctions.c: src\mainFunctions.c: 1 warning, 0 errors
compiling MQ2.c...
compiling lm35.c...
compiling adc.c...
compiling Interrupt.c...
compiling uart.c...
compiling I2C.c...
compiling kpm.c...
compiling lcd.c...
compiling LED.c...
compiling GSM.c...
compiling eeprom.c...
linking...
Program Size: Code=6276 RO-data=32 RW-data=16 ZI-data=1288  
FromELF: creating hex file...
"source.axf" - 0 Error(s), 1 Warning(s).
Build target 'Source'
assembling Startup.s...
compiling delay.c...
compiling main.c...
compiling mainFunctions.c...
src\mainFunctions.c(54): warning:  #177-D: variable "Message" was declared but never referenced
src\mainFunctions.c:    s8 Message[16];
src\mainFunctions.c:       ^
src\mainFunctions.c: src\mainFunctions.c: 1 warning, 0 errors
compiling MQ2.c...
compiling lm35.c...
compiling adc.c...
compiling Interrupt.c...
UART\Interrupt.c(27): warning:  #63-D: shift count is too large
UART\Interrupt.c:       CFGPIN(PINSEL0,INTERSWITCH,0);
UART\Interrupt.c:       ^
UART\Interrupt.c(27): warning:  #63-D: shift count is too large
UART\Interrupt.c:       CFGPIN(PINSEL0,INTERSWITCH,0);
UART\Interrupt.c:       ^
UART\Interrupt.c: UART\Interrupt.c: 2 warnings, 0 errors
compiling uart.c...
compiling I2C.c...
compiling kpm.c...
compiling lcd.c...
compiling LED.c...
compiling GSM.c...
compiling eeprom.c...
linking...
Program Size: Code=6296 RO-data=32 RW-data=16 ZI-data=1288  
FromELF: creating hex file...
"source.axf" - 0 Error(s), 3 Warning(s).
Build target 'Source'
assembling Startup.s...
compiling delay.c...
compiling main.c...
compiling mainFunctions.c...
src\mainFunctions.c(54): warning:  #177-D: variable "Message" was declared but never referenced
src\mainFunctions.c:    s8 Message[16];
src\mainFunctions.c:       ^
src\mainFunctions.c: src\mainFunctions.c: 1 warning, 0 errors
compiling MQ2.c...
compiling lm35.c...
compiling adc.c...
compiling Interrupt.c...
UART\Interrupt.c(27): warning:  #63-D: shift count is too large
UART\Interrupt.c:       CFGPIN(PINSEL0,INTERSWITCH,0);
UART\Interrupt.c:       ^
UART\Interrupt.c(27): warning:  #63-D: shift count is too large
UART\Interrupt.c:       CFGPIN(PINSEL0,INTERSWITCH,0);
UART\Interrupt.c:       ^
UART\Interrupt.c: UART\Interrupt.c: 2 warnings, 0 errors
compiling uart.c...
compiling I2C.c...
compiling kpm.c...
compiling lcd.c...
compiling LED.c...
compiling GSM.c...
compiling eeprom.c...
linking...
Program Size: Code=6292 RO-data=32 RW-data=16 ZI-data=1288  
FromELF: creating hex file...
"source.axf" - 0 Error(s), 3 Warning(s).
Build target 'Source'
assembling Startup.s...
compiling delay.c...
compiling main.c...
compiling mainFunctions.c...
src\mainFunctions.c(54): warning:  #177-D: variable "Message" was declared but never referenced
src\mainFunctions.c:    s8 Message[16];
src\mainFunctions.c:       ^
src\mainFunctions.c: src\mainFunctions.c: 1 warning, 0 errors
compiling MQ2.c...
compiling lm35.c...
compiling adc.c...
compiling Interrupt.c...
compiling uart.c...
compiling I2C.c...
compiling kpm.c...
compiling lcd.c...
compiling LED.c...
compiling GSM.c...
compiling eeprom.c...
linking...
Program Size: Code=6296 RO-data=32 RW-data=16 ZI-data=1288  
FromELF: creating hex file...
"source.axf" - 0 Error(s), 1 Warning(s).
Build target 'Source'
assembling Startup.s...
compiling delay.c...
compiling main.c...
compiling mainFunctions.c...
compiling MQ2.c...
compiling lm35.c...
compiling adc.c...
compiling Interrupt.c...
compiling uart.c...
compiling I2C.c...
compiling kpm.c...
compiling lcd.c...
compiling LED.c...
compiling GSM.c...
compiling eeprom.c...
linking...
Program Size: Code=6296 RO-data=32 RW-data=16 ZI-data=1288  
FromELF: creating hex file...
"source.axf" - 0 Error(s), 0 Warning(s).
