<html>
<body>
<pre>
<h1>µVision Build Log</h1>
<h2>Project:</h2>
E:\Project\Files\source.uvproj
Project File Date:  07/02/2024

<h2>Output:</h2>
Build target 'Source'
assembling Startup.s...
compiling delay.c...
compiling main.c...
compiling mainFunctions.c...
compiling MQ2.c...
compiling lm35.c...
compiling adc.c...
compiling Interrupt.c...
compiling uart.c...
compiling I2C.c...
compiling kpm.c...
compiling lcd.c...
compiling LED.c...
compiling GSM.c...
compiling eeprom.c...
linking...
Program Size: Code=10116 RO-data=304 RW-data=52 ZI-data=1372  
FromELF: creating hex file...
"source.axf" - 0 Error(s), 0 Warning(s).
Build target 'Source'
assembling Startup.s...
compiling delay.c...
compiling main.c...
compiling mainFunctions.c...
compiling MQ2.c...
compiling lm35.c...
compiling adc.c...
compiling Interrupt.c...
compiling uart.c...
compiling I2C.c...
compiling kpm.c...
compiling lcd.c...
compiling LED.c...
compiling GSM.c...
GSM\GSM.c(23): warning:  #223-D: function "UART0_Str" declared implicitly
GSM\GSM.c:      UART0_Str("AT\r\n");
GSM\GSM.c:      ^
GSM\GSM.c(101): warning:  #223-D: function "UART0_Str" declared implicitly
GSM\GSM.c:      UART0_Str("AT+CMGS=\"7666480528\"\r\n");
GSM\GSM.c:      ^
GSM\GSM.c: GSM\GSM.c: 2 warnings, 0 errors
compiling eeprom.c...
linking...
source.axf: Error: L6218E: Undefined symbol SendGSM_SMS (referred from mainfunctions.o).
source.axf: Error: L6218E: Undefined symbol UART0_Str (referred from gsm.o).
source.axf: Not enough information to list image symbols.
source.axf: Finished: 1 information, 0 warning and 2 error messages.
Target not created
Build target 'Source'
assembling Startup.s...
compiling delay.c...
compiling main.c...
compiling mainFunctions.c...
compiling MQ2.c...
compiling lm35.c...
compiling adc.c...
compiling Interrupt.c...
compiling uart.c...
compiling I2C.c...
compiling kpm.c...
compiling lcd.c...
compiling LED.c...
compiling GSM.c...
compiling eeprom.c...
linking...
source.axf: Error: L6218E: Undefined symbol SendGSM_SMS (referred from mainfunctions.o).
source.axf: Not enough information to list image symbols.
source.axf: Finished: 1 information, 0 warning and 1 error messages.
Target not created
Build target 'Source'
assembling Startup.s...
compiling delay.c...
compiling main.c...
compiling mainFunctions.c...
compiling MQ2.c...
compiling lm35.c...
compiling adc.c...
compiling Interrupt.c...
compiling uart.c...
compiling I2C.c...
compiling kpm.c...
compiling lcd.c...
compiling LED.c...
compiling GSM.c...
compiling eeprom.c...
linking...
source.axf: Error: L6218E: Undefined symbol SendGSM_SMS (referred from mainfunctions.o).
source.axf: Not enough information to list image symbols.
source.axf: Finished: 1 information, 0 warning and 1 error messages.
Target not created
Build target 'Source'
assembling Startup.s...
compiling delay.c...
compiling main.c...
compiling mainFunctions.c...
compiling MQ2.c...
compiling lm35.c...
compiling adc.c...
compiling Interrupt.c...
compiling uart.c...
compiling I2C.c...
compiling kpm.c...
compiling lcd.c...
compiling LED.c...
compiling GSM.c...
compiling eeprom.c...
linking...
Program Size: Code=11252 RO-data=304 RW-data=52 ZI-data=1372  
FromELF: creating hex file...
"source.axf" - 0 Error(s), 0 Warning(s).
Build target 'Source'
assembling Startup.s...
compiling delay.c...
compiling main.c...
compiling mainFunctions.c...
compiling MQ2.c...
compiling lm35.c...
compiling adc.c...
compiling Interrupt.c...
compiling uart.c...
compiling I2C.c...
compiling kpm.c...
compiling lcd.c...
compiling LED.c...
compiling GSM.c...
compiling eeprom.c...
linking...
Program Size: Code=11252 RO-data=304 RW-data=52 ZI-data=1372  
FromELF: creating hex file...
"source.axf" - 0 Error(s), 0 Warning(s).
Build target 'Source'
assembling Startup.s...
compiling delay.c...
compiling main.c...
src\main.c(50): error:  #140: too many arguments in function call
src\main.c:                     Alert(0);
src\main.c:                           ^
src\main.c(58): error:  #140: too many arguments in function call
src\main.c:                     Alert(1);
src\main.c:                           ^
src\main.c(65): error:  #140: too many arguments in function call
src\main.c:                     Alert(2);
src\main.c:                           ^
src\main.c: src\main.c: 0 warnings, 3 errors
compiling mainFunctions.c...
src\mainFunctions.c(28): error:  #147-D: declaration is incompatible with "void Alert(void)" (declared at line 2 of "Header/functions.h")
src\mainFunctions.c:   void Alert(u32 status)
src\mainFunctions.c:        ^
src\mainFunctions.c: src\mainFunctions.c: 0 warnings, 1 error
compiling MQ2.c...
compiling lm35.c...
compiling adc.c...
compiling Interrupt.c...
compiling uart.c...
compiling I2C.c...
compiling kpm.c...
compiling lcd.c...
compiling LED.c...
compiling GSM.c...
compiling eeprom.c...
Target not created
Build target 'Source'
compiling main.c...
Header/functions.h(2): error:  #92: identifier-list parameters may only be used in a function definition
Header/functions.h:   void Alert(u32);
Header/functions.h:        ^
Header/functions.h: src\main.c: 0 warnings, 1 error
compiling mainFunctions.c...
Header/functions.h(2): error:  #92: identifier-list parameters may only be used in a function definition
Header/functions.h:   void Alert(u32);
Header/functions.h:        ^
Header/functions.h: src\mainFunctions.c: 0 warnings, 1 error
compiling Interrupt.c...
Header/functions.h(2): error:  #92: identifier-list parameters may only be used in a function definition
Header/functions.h:   void Alert(u32);
Header/functions.h:        ^
Header/functions.h: UART\Interrupt.c: 0 warnings, 1 error
Target not created
Build target 'Source'
assembling Startup.s...
compiling delay.c...
compiling main.c...
Header/functions.h(2): error:  #92: identifier-list parameters may only be used in a function definition
Header/functions.h:   void Alert(u32);
Header/functions.h:        ^
Header/functions.h: src\main.c: 0 warnings, 1 error
compiling mainFunctions.c...
Header/functions.h(2): error:  #92: identifier-list parameters may only be used in a function definition
Header/functions.h:   void Alert(u32);
Header/functions.h:        ^
Header/functions.h: src\mainFunctions.c: 0 warnings, 1 error
compiling MQ2.c...
compiling lm35.c...
compiling adc.c...
compiling Interrupt.c...
Header/functions.h(2): error:  #92: identifier-list parameters may only be used in a function definition
Header/functions.h:   void Alert(u32);
Header/functions.h:        ^
Header/functions.h: UART\Interrupt.c: 0 warnings, 1 error
compiling uart.c...
compiling I2C.c...
compiling kpm.c...
compiling lcd.c...
compiling LED.c...
compiling GSM.c...
compiling eeprom.c...
Target not created
Build target 'Source'
assembling Startup.s...
compiling delay.c...
compiling main.c...
compiling mainFunctions.c...
compiling MQ2.c...
compiling lm35.c...
compiling adc.c...
compiling Interrupt.c...
compiling uart.c...
compiling I2C.c...
compiling kpm.c...
compiling lcd.c...
compiling LED.c...
compiling GSM.c...
compiling eeprom.c...
linking...
Program Size: Code=11592 RO-data=304 RW-data=52 ZI-data=1372  
FromELF: creating hex file...
"source.axf" - 0 Error(s), 0 Warning(s).
Build target 'Source'
assembling Startup.s...
compiling delay.c...
compiling main.c...
compiling mainFunctions.c...
compiling MQ2.c...
compiling lm35.c...
compiling adc.c...
compiling Interrupt.c...
compiling uart.c...
compiling I2C.c...
compiling kpm.c...
compiling lcd.c...
compiling LED.c...
compiling GSM.c...
GSM\GSM.c(18): warning:  #223-D: function "UART0_Str" declared implicitly
GSM\GSM.c:      UART0_Str("AT\r\n");
GSM\GSM.c:      ^
GSM\GSM.c(151): warning:  #223-D: function "UART0_Str" declared implicitly
GSM\GSM.c:      UART0_Str("AT+CMGR=1\r\n");
GSM\GSM.c:      ^
GSM\GSM.c(179): warning:  #223-D: function "UART0_Str" declared implicitly
GSM\GSM.c:      UART0_Str("AT+CMGD=1\r\n");
GSM\GSM.c:      ^
GSM\GSM.c(209): warning:  #223-D: function "UART0_Str" declared implicitly
GSM\GSM.c:      UART0_Str("AT+CMGS=\"9550247709\"\r\n");
GSM\GSM.c:      ^
GSM\GSM.c(242): warning:  #223-D: function "UART0_Str" declared implicitly
GSM\GSM.c:      UART0_Str("AT+CMGS=\"9550247709\"\r\n");
GSM\GSM.c:      ^
GSM\GSM.c(246): warning:  #223-D: function "UART0_Int" declared implicitly
GSM\GSM.c:              UART0_Int(val);
GSM\GSM.c:              ^
GSM\GSM.c: GSM\GSM.c: 6 warnings, 0 errors
compiling eeprom.c...
linking...
source.axf: Error: L6218E: Undefined symbol SendGSM_SMS (referred from mainfunctions.o).
source.axf: Error: L6218E: Undefined symbol UART0_Int (referred from gsm.o).
source.axf: Error: L6218E: Undefined symbol UART0_Str (referred from gsm.o).
source.axf: Not enough information to list image symbols.
source.axf: Finished: 1 information, 0 warning and 3 error messages.
Target not created
Build target 'Source'
compiling main.c...
compiling mainFunctions.c...
compiling lcd.c...
LCD\lcd.c(122): error:  #247: function "StrLCD" has already been defined
LCD\lcd.c:    void StrLCD(s8 *p)
LCD\lcd.c:         ^
LCD\lcd.c: LCD\lcd.c: 0 warnings, 1 error
compiling GSM.c...
GSM\GSM.c(18): warning:  #223-D: function "UART0_Str" declared implicitly
GSM\GSM.c:      UART0_Str("AT\r\n");
GSM\GSM.c:      ^
GSM\GSM.c(27): warning:  #223-D: function "checkOK" declared implicitly
GSM\GSM.c:      checkOK(buff);
GSM\GSM.c:      ^
GSM\GSM.c(103): warning:  #223-D: function "UART0_Str" declared implicitly
GSM\GSM.c:      UART0_Str("AT+CMGR=1\r\n");
GSM\GSM.c:      ^
GSM\GSM.c(131): warning:  #223-D: function "UART0_Str" declared implicitly
GSM\GSM.c:      UART0_Str("AT+CMGD=1\r\n");
GSM\GSM.c:      ^
GSM\GSM.c(161): warning:  #223-D: function "UART0_Str" declared implicitly
GSM\GSM.c:      UART0_Str("AT+CMGS=\"9550247709\"\r\n");
GSM\GSM.c:      ^
GSM\GSM.c(194): warning:  #223-D: function "UART0_Str" declared implicitly
GSM\GSM.c:      UART0_Str("AT+CMGS=\"9550247709\"\r\n");
GSM\GSM.c:      ^
GSM\GSM.c(198): warning:  #223-D: function "UART0_Int" declared implicitly
GSM\GSM.c:              UART0_Int(val);
GSM\GSM.c:              ^
GSM\GSM.c(211): error:  #159: declaration is incompatible with previous "checkOK" (declared at line 27)
GSM\GSM.c:   void checkOK(char *buff)
GSM\GSM.c:        ^
GSM\GSM.c: GSM\GSM.c: 7 warnings, 1 error
Target not created
Build target 'Source'
assembling Startup.s...
compiling delay.c...
compiling main.c...
compiling mainFunctions.c...
compiling MQ2.c...
compiling lm35.c...
compiling adc.c...
compiling Interrupt.c...
compiling uart.c...
compiling I2C.c...
compiling kpm.c...
compiling lcd.c...
LCD\lcd.c(122): error:  #247: function "StrLCD" has already been defined
LCD\lcd.c:    void StrLCD(s8 *p)
LCD\lcd.c:         ^
LCD\lcd.c: LCD\lcd.c: 0 warnings, 1 error
compiling LED.c...
compiling GSM.c...
GSM\GSM.c(109): warning:  #223-D: function "UART0_Int" declared implicitly
GSM\GSM.c:              UART0_Int(val);
GSM\GSM.c:              ^
GSM\GSM.c: GSM\GSM.c: 1 warning, 0 errors
compiling eeprom.c...
Target not created
Build target 'Source'
assembling Startup.s...
compiling delay.c...
compiling main.c...
compiling mainFunctions.c...
compiling MQ2.c...
compiling lm35.c...
compiling adc.c...
compiling Interrupt.c...
compiling uart.c...
compiling I2C.c...
compiling kpm.c...
compiling lcd.c...
compiling LED.c...
compiling GSM.c...
GSM\GSM.c(109): warning:  #223-D: function "UART0_Int" declared implicitly
GSM\GSM.c:              UART0_Int(val);
GSM\GSM.c:              ^
GSM\GSM.c: GSM\GSM.c: 1 warning, 0 errors
compiling eeprom.c...
linking...
source.axf: Error: L6218E: Undefined symbol SendGSM_SMS (referred from mainfunctions.o).
source.axf: Error: L6218E: Undefined symbol UART0_Int (referred from gsm.o).
source.axf: Not enough information to list image symbols.
source.axf: Finished: 1 information, 0 warning and 2 error messages.
Target not created
Build target 'Source'
assembling Startup.s...
compiling delay.c...
compiling main.c...
compiling mainFunctions.c...
compiling MQ2.c...
compiling lm35.c...
compiling adc.c...
compiling Interrupt.c...
compiling uart.c...
compiling I2C.c...
compiling kpm.c...
compiling lcd.c...
compiling LED.c...
compiling GSM.c...
compiling eeprom.c...
linking...
source.axf: Error: L6218E: Undefined symbol SendGSM_SMS (referred from mainfunctions.o).
source.axf: Not enough information to list image symbols.
source.axf: Finished: 1 information, 0 warning and 1 error messages.
Target not created
Build target 'Source'
assembling Startup.s...
compiling delay.c...
compiling main.c...
compiling mainFunctions.c...
compiling MQ2.c...
compiling lm35.c...
compiling adc.c...
compiling Interrupt.c...
compiling uart.c...
compiling I2C.c...
compiling kpm.c...
compiling lcd.c...
compiling LED.c...
compiling GSM.c...
compiling eeprom.c...
linking...
Program Size: Code=11992 RO-data=304 RW-data=52 ZI-data=1372  
FromELF: creating hex file...
"source.axf" - 0 Error(s), 0 Warning(s).
Build target 'Source'
assembling Startup.s...
compiling delay.c...
compiling main.c...
compiling mainFunctions.c...
compiling MQ2.c...
compiling lm35.c...
compiling adc.c...
compiling Interrupt.c...
compiling uart.c...
compiling I2C.c...
compiling kpm.c...
compiling lcd.c...
compiling LED.c...
compiling GSM.c...
compiling eeprom.c...
linking...
Program Size: Code=11992 RO-data=304 RW-data=52 ZI-data=1372  
FromELF: creating hex file...
"source.axf" - 0 Error(s), 0 Warning(s).
Build target 'Source'
assembling Startup.s...
compiling delay.c...
compiling main.c...
compiling mainFunctions.c...
src\mainFunctions.c(58): error:  #20: identifier "credentialBuff" is undefined
src\mainFunctions.c:    memset(credentialBuff,'\0',16);
src\mainFunctions.c:           ^
src\mainFunctions.c(62): error:  #20: identifier "i" is undefined
src\mainFunctions.c:    for(i=0;i<=10;i++)
src\mainFunctions.c:        ^
src\mainFunctions.c(82): warning:  #223-D: function "setPassword" declared implicitly
src\mainFunctions.c:     setPassword(credentialBuff);
src\mainFunctions.c:     ^
src\mainFunctions.c(99): error:  #20: identifier "i" is undefined
src\mainFunctions.c:            for(i=0;i <=3;i++)
src\mainFunctions.c:                ^
src\mainFunctions.c(102): error:  #20: identifier "Max" is undefined
src\mainFunctions.c:                    Max[i]= KeyScan();
src\mainFunctions.c:                    ^
src\mainFunctions.c(127): error:  #20: identifier "Min" is undefined
src\mainFunctions.c:                    Min[i]= KeyScan();
src\mainFunctions.c:                    ^
src\mainFunctions.c(143): error:  #20: identifier "Min" is undefined
src\mainFunctions.c:            setThreshold(Min,Max,&tempMin,&tempMax);
src\mainFunctions.c:                         ^
src\mainFunctions.c(143): error:  #20: identifier "Max" is undefined
src\mainFunctions.c:            setThreshold(Min,Max,&tempMin,&tempMax);
src\mainFunctions.c:                             ^
src\mainFunctions.c(217): error:  #65: expected a ";"
src\mainFunctions.c:                            if(keyPress == '1'){
src\mainFunctions.c:                            ^
src\mainFunctions.c(225): warning:  #12-D: parsing restarts here after previous syntax error
src\mainFunctions.c:                     }while(1);
src\mainFunctions.c:                     ^
src\mainFunctions.c(228): error:  #112: expected "while"
src\mainFunctions.c:            return;
src\mainFunctions.c:            ^
src\mainFunctions.c(229): error:  #125: expected a "("
src\mainFunctions.c:    }
src\mainFunctions.c:    ^
src\mainFunctions.c(229): error:  #29: expected an expression
src\mainFunctions.c:    }
src\mainFunctions.c:    ^
src\mainFunctions.c(229): error:  #18: expected a ")"
src\mainFunctions.c:    }
src\mainFunctions.c:    ^
src\mainFunctions.c(229): error:  #65: expected a ";"
src\mainFunctions.c:    }
src\mainFunctions.c:    ^
src\mainFunctions.c(159): warning:  #177-D: variable "Min" was declared but never referenced
src\mainFunctions.c:    s8 Min[4], Max[4];
src\mainFunctions.c:       ^
src\mainFunctions.c(159): warning:  #177-D: variable "Max" was declared but never referenced
src\mainFunctions.c:    s8 Min[4], Max[4];
src\mainFunctions.c:               ^
src\mainFunctions.c(165): warning:  #177-D: variable "Message" was declared but never referenced
src\mainFunctions.c:    s8 Message[10];
src\mainFunctions.c:       ^
src\mainFunctions.c: src\mainFunctions.c: 5 warnings, 13 errors
compiling MQ2.c...
compiling lm35.c...
compiling adc.c...
compiling Interrupt.c...
compiling uart.c...
UART\uart.c(21): warning:  #223-D: function "strstr" declared implicitly
UART\uart.c:                    if(strstr(buff,"+CMTI"))
UART\uart.c:                       ^
UART\uart.c(22): error:  #20: identifier "Flag" is undefined
UART\uart.c:                            Flag=1;
UART\uart.c:                            ^
UART\uart.c(26): error:  #20: identifier "dummy" is undefined
UART\uart.c:         dummy=U0IIR;                                               //Read to Clear transmit interrupt
UART\uart.c:         ^
UART\uart.c: UART\uart.c: 1 warning, 2 errors
compiling I2C.c...
compiling kpm.c...
compiling lcd.c...
compiling LED.c...
compiling GSM.c...
compiling eeprom.c...
eeprom\eeprom.c(155): error:  #118: a void function may not return a value
eeprom\eeprom.c:   }
eeprom\eeprom.c:   ^
eeprom\eeprom.c(155): error:  #29: expected an expression
eeprom\eeprom.c:   }
eeprom\eeprom.c:   ^
eeprom\eeprom.c(155): error:  #65: expected a ";"
eeprom\eeprom.c:   }
eeprom\eeprom.c:   ^
eeprom\eeprom.c: eeprom\eeprom.c: 0 warnings, 3 errors
Target not created
Build target 'Source'
assembling Startup.s...
compiling delay.c...
compiling main.c...
compiling mainFunctions.c...
src\mainFunctions.c(58): error:  #20: identifier "credentialBuff" is undefined
src\mainFunctions.c:    memset(credentialBuff,'\0',16);
src\mainFunctions.c:           ^
src\mainFunctions.c(62): error:  #20: identifier "i" is undefined
src\mainFunctions.c:    for(i=0;i<=10;i++)
src\mainFunctions.c:        ^
src\mainFunctions.c(82): warning:  #223-D: function "setPassword" declared implicitly
src\mainFunctions.c:     setPassword(credentialBuff);
src\mainFunctions.c:     ^
src\mainFunctions.c(99): error:  #20: identifier "i" is undefined
src\mainFunctions.c:            for(i=0;i <=3;i++)
src\mainFunctions.c:                ^
src\mainFunctions.c(102): error:  #20: identifier "Max" is undefined
src\mainFunctions.c:                    Max[i]= KeyScan();
src\mainFunctions.c:                    ^
src\mainFunctions.c(127): error:  #20: identifier "Min" is undefined
src\mainFunctions.c:                    Min[i]= KeyScan();
src\mainFunctions.c:                    ^
src\mainFunctions.c(143): error:  #20: identifier "Min" is undefined
src\mainFunctions.c:            setThreshold(Min,Max,&tempMin,&tempMax);
src\mainFunctions.c:                         ^
src\mainFunctions.c(143): error:  #20: identifier "Max" is undefined
src\mainFunctions.c:            setThreshold(Min,Max,&tempMin,&tempMax);
src\mainFunctions.c:                             ^
src\mainFunctions.c(217): error:  #65: expected a ";"
src\mainFunctions.c:                            if(keyPress == '1'){
src\mainFunctions.c:                            ^
src\mainFunctions.c(225): warning:  #12-D: parsing restarts here after previous syntax error
src\mainFunctions.c:                     }while(1);
src\mainFunctions.c:                     ^
src\mainFunctions.c(228): error:  #112: expected "while"
src\mainFunctions.c:            return;
src\mainFunctions.c:            ^
src\mainFunctions.c(229): error:  #125: expected a "("
src\mainFunctions.c:    }
src\mainFunctions.c:    ^
src\mainFunctions.c(229): error:  #29: expected an expression
src\mainFunctions.c:    }
src\mainFunctions.c:    ^
src\mainFunctions.c(229): error:  #18: expected a ")"
src\mainFunctions.c:    }
src\mainFunctions.c:    ^
src\mainFunctions.c(229): error:  #65: expected a ";"
src\mainFunctions.c:    }
src\mainFunctions.c:    ^
src\mainFunctions.c(159): warning:  #177-D: variable "Min" was declared but never referenced
src\mainFunctions.c:    s8 Min[4], Max[4];
src\mainFunctions.c:       ^
src\mainFunctions.c(159): warning:  #177-D: variable "Max" was declared but never referenced
src\mainFunctions.c:    s8 Min[4], Max[4];
src\mainFunctions.c:               ^
src\mainFunctions.c(165): warning:  #177-D: variable "Message" was declared but never referenced
src\mainFunctions.c:    s8 Message[10];
src\mainFunctions.c:       ^
src\mainFunctions.c: src\mainFunctions.c: 5 warnings, 13 errors
compiling MQ2.c...
compiling lm35.c...
compiling adc.c...
compiling Interrupt.c...
compiling uart.c...
UART\uart.c(21): warning:  #223-D: function "strstr" declared implicitly
UART\uart.c:                    if(strstr(buff,"+CMTI"))
UART\uart.c:                       ^
UART\uart.c(22): error:  #20: identifier "Flag" is undefined
UART\uart.c:                            Flag=1;
UART\uart.c:                            ^
UART\uart.c(26): error:  #20: identifier "dummy" is undefined
UART\uart.c:         dummy=U0IIR;                                               //Read to Clear transmit interrupt
UART\uart.c:         ^
UART\uart.c: UART\uart.c: 1 warning, 2 errors
compiling I2C.c...
compiling kpm.c...
compiling lcd.c...
compiling LED.c...
compiling GSM.c...
compiling eeprom.c...
eeprom\eeprom.c(155): error:  #118: a void function may not return a value
eeprom\eeprom.c:   }
eeprom\eeprom.c:   ^
eeprom\eeprom.c(155): error:  #29: expected an expression
eeprom\eeprom.c:   }
eeprom\eeprom.c:   ^
eeprom\eeprom.c(155): error:  #65: expected a ";"
eeprom\eeprom.c:   }
eeprom\eeprom.c:   ^
eeprom\eeprom.c: eeprom\eeprom.c: 0 warnings, 3 errors
Target not created
Build target 'Source'
assembling Startup.s...
compiling delay.c...
compiling main.c...
compiling mainFunctions.c...
src\mainFunctions.c(58): error:  #20: identifier "credentialBuff" is undefined
src\mainFunctions.c:    memset(credentialBuff,'\0',16);
src\mainFunctions.c:           ^
src\mainFunctions.c(62): error:  #20: identifier "i" is undefined
src\mainFunctions.c:    for(i=0;i<=10;i++)
src\mainFunctions.c:        ^
src\mainFunctions.c(82): warning:  #223-D: function "setPassword" declared implicitly
src\mainFunctions.c:     setPassword(credentialBuff);
src\mainFunctions.c:     ^
src\mainFunctions.c(99): error:  #20: identifier "i" is undefined
src\mainFunctions.c:            for(i=0;i <=3;i++)
src\mainFunctions.c:                ^
src\mainFunctions.c(102): error:  #20: identifier "Max" is undefined
src\mainFunctions.c:                    Max[i]= KeyScan();
src\mainFunctions.c:                    ^
src\mainFunctions.c(127): error:  #20: identifier "Min" is undefined
src\mainFunctions.c:                    Min[i]= KeyScan();
src\mainFunctions.c:                    ^
src\mainFunctions.c(143): error:  #20: identifier "Min" is undefined
src\mainFunctions.c:            setThreshold(Min,Max,&tempMin,&tempMax);
src\mainFunctions.c:                         ^
src\mainFunctions.c(143): error:  #20: identifier "Max" is undefined
src\mainFunctions.c:            setThreshold(Min,Max,&tempMin,&tempMax);
src\mainFunctions.c:                             ^
src\mainFunctions.c(217): error:  #65: expected a ";"
src\mainFunctions.c:                            if(keyPress == '1'){
src\mainFunctions.c:                            ^
src\mainFunctions.c(225): warning:  #12-D: parsing restarts here after previous syntax error
src\mainFunctions.c:                     }while(1);
src\mainFunctions.c:                     ^
src\mainFunctions.c(228): error:  #112: expected "while"
src\mainFunctions.c:            return;
src\mainFunctions.c:            ^
src\mainFunctions.c(229): error:  #125: expected a "("
src\mainFunctions.c:    }
src\mainFunctions.c:    ^
src\mainFunctions.c(229): error:  #29: expected an expression
src\mainFunctions.c:    }
src\mainFunctions.c:    ^
src\mainFunctions.c(229): error:  #18: expected a ")"
src\mainFunctions.c:    }
src\mainFunctions.c:    ^
src\mainFunctions.c(229): error:  #65: expected a ";"
src\mainFunctions.c:    }
src\mainFunctions.c:    ^
src\mainFunctions.c(159): warning:  #177-D: variable "Min" was declared but never referenced
src\mainFunctions.c:    s8 Min[4], Max[4];
src\mainFunctions.c:       ^
src\mainFunctions.c(159): warning:  #177-D: variable "Max" was declared but never referenced
src\mainFunctions.c:    s8 Min[4], Max[4];
src\mainFunctions.c:               ^
src\mainFunctions.c(165): warning:  #177-D: variable "Message" was declared but never referenced
src\mainFunctions.c:    s8 Message[10];
src\mainFunctions.c:       ^
src\mainFunctions.c: src\mainFunctions.c: 5 warnings, 13 errors
compiling MQ2.c...
compiling lm35.c...
compiling adc.c...
compiling Interrupt.c...
compiling uart.c...
UART\uart.c(21): warning:  #223-D: function "strstr" declared implicitly
UART\uart.c:                    if(strstr(buff,"+CMTI"))
UART\uart.c:                       ^
UART\uart.c(22): error:  #20: identifier "Flag" is undefined
UART\uart.c:                            Flag=1;
UART\uart.c:                            ^
UART\uart.c(26): error:  #20: identifier "dummy" is undefined
UART\uart.c:         dummy=U0IIR;                                               //Read to Clear transmit interrupt
UART\uart.c:         ^
UART\uart.c: UART\uart.c: 1 warning, 2 errors
compiling I2C.c...
compiling kpm.c...
compiling lcd.c...
compiling LED.c...
compiling GSM.c...
compiling eeprom.c...
Target not created
Build target 'Source'
assembling Startup.s...
compiling delay.c...
compiling main.c...
compiling mainFunctions.c...
src\mainFunctions.c(58): error:  #20: identifier "credentialBuff" is undefined
src\mainFunctions.c:    memset(credentialBuff,'\0',16);
src\mainFunctions.c:           ^
src\mainFunctions.c(62): error:  #20: identifier "i" is undefined
src\mainFunctions.c:    for(i=0;i<=10;i++)
src\mainFunctions.c:        ^
src\mainFunctions.c(99): error:  #20: identifier "i" is undefined
src\mainFunctions.c:            for(i=0;i <=3;i++)
src\mainFunctions.c:                ^
src\mainFunctions.c(102): error:  #20: identifier "Max" is undefined
src\mainFunctions.c:                    Max[i]= KeyScan();
src\mainFunctions.c:                    ^
src\mainFunctions.c(127): error:  #20: identifier "Min" is undefined
src\mainFunctions.c:                    Min[i]= KeyScan();
src\mainFunctions.c:                    ^
src\mainFunctions.c(143): error:  #20: identifier "Min" is undefined
src\mainFunctions.c:            setThreshold(Min,Max,&tempMin,&tempMax);
src\mainFunctions.c:                         ^
src\mainFunctions.c(143): error:  #20: identifier "Max" is undefined
src\mainFunctions.c:            setThreshold(Min,Max,&tempMin,&tempMax);
src\mainFunctions.c:                             ^
src\mainFunctions.c(217): error:  #65: expected a ";"
src\mainFunctions.c:                            if(keyPress == '1'){
src\mainFunctions.c:                            ^
src\mainFunctions.c(225): warning:  #12-D: parsing restarts here after previous syntax error
src\mainFunctions.c:                     }while(1);
src\mainFunctions.c:                     ^
src\mainFunctions.c(228): error:  #112: expected "while"
src\mainFunctions.c:            return;
src\mainFunctions.c:            ^
src\mainFunctions.c(229): error:  #125: expected a "("
src\mainFunctions.c:    }
src\mainFunctions.c:    ^
src\mainFunctions.c(229): error:  #29: expected an expression
src\mainFunctions.c:    }
src\mainFunctions.c:    ^
src\mainFunctions.c(229): error:  #18: expected a ")"
src\mainFunctions.c:    }
src\mainFunctions.c:    ^
src\mainFunctions.c(229): error:  #65: expected a ";"
src\mainFunctions.c:    }
src\mainFunctions.c:    ^
src\mainFunctions.c(159): warning:  #177-D: variable "Min" was declared but never referenced
src\mainFunctions.c:    s8 Min[4], Max[4];
src\mainFunctions.c:       ^
src\mainFunctions.c(159): warning:  #177-D: variable "Max" was declared but never referenced
src\mainFunctions.c:    s8 Min[4], Max[4];
src\mainFunctions.c:               ^
src\mainFunctions.c(165): warning:  #177-D: variable "Message" was declared but never referenced
src\mainFunctions.c:    s8 Message[10];
src\mainFunctions.c:       ^
src\mainFunctions.c: src\mainFunctions.c: 4 warnings, 13 errors
compiling MQ2.c...
compiling lm35.c...
compiling adc.c...
compiling Interrupt.c...
compiling uart.c...
UART\uart.c(21): warning:  #223-D: function "strstr" declared implicitly
UART\uart.c:                    if(strstr(buff,"+CMTI"))
UART\uart.c:                       ^
UART\uart.c(22): error:  #20: identifier "Flag" is undefined
UART\uart.c:                            Flag=1;
UART\uart.c:                            ^
UART\uart.c(26): error:  #20: identifier "dummy" is undefined
UART\uart.c:         dummy=U0IIR;                                               //Read to Clear transmit interrupt
UART\uart.c:         ^
UART\uart.c: UART\uart.c: 1 warning, 2 errors
compiling I2C.c...
compiling kpm.c...
compiling lcd.c...
compiling LED.c...
compiling GSM.c...
compiling eeprom.c...
Target not created
Build target 'Source'
assembling Startup.s...
compiling delay.c...
compiling main.c...
compiling mainFunctions.c...
src\mainFunctions.c(59): error:  #20: identifier "credentialBuff" is undefined
src\mainFunctions.c:    memset(credentialBuff,'\0',16);
src\mainFunctions.c:           ^
src\mainFunctions.c(100): error:  #20: identifier "i" is undefined
src\mainFunctions.c:            for(i=0;i <=3;i++)
src\mainFunctions.c:                ^
src\mainFunctions.c(103): error:  #20: identifier "Max" is undefined
src\mainFunctions.c:                    Max[i]= KeyScan();
src\mainFunctions.c:                    ^
src\mainFunctions.c(128): error:  #20: identifier "Min" is undefined
src\mainFunctions.c:                    Min[i]= KeyScan();
src\mainFunctions.c:                    ^
src\mainFunctions.c(144): error:  #20: identifier "Min" is undefined
src\mainFunctions.c:            setThreshold(Min,Max,&tempMin,&tempMax);
src\mainFunctions.c:                         ^
src\mainFunctions.c(144): error:  #20: identifier "Max" is undefined
src\mainFunctions.c:            setThreshold(Min,Max,&tempMin,&tempMax);
src\mainFunctions.c:                             ^
src\mainFunctions.c(218): error:  #65: expected a ";"
src\mainFunctions.c:                            if(keyPress == '1'){
src\mainFunctions.c:                            ^
src\mainFunctions.c(226): warning:  #12-D: parsing restarts here after previous syntax error
src\mainFunctions.c:                     }while(1);
src\mainFunctions.c:                     ^
src\mainFunctions.c(229): error:  #112: expected "while"
src\mainFunctions.c:            return;
src\mainFunctions.c:            ^
src\mainFunctions.c(230): error:  #125: expected a "("
src\mainFunctions.c:    }
src\mainFunctions.c:    ^
src\mainFunctions.c(230): error:  #29: expected an expression
src\mainFunctions.c:    }
src\mainFunctions.c:    ^
src\mainFunctions.c(230): error:  #18: expected a ")"
src\mainFunctions.c:    }
src\mainFunctions.c:    ^
src\mainFunctions.c(230): error:  #65: expected a ";"
src\mainFunctions.c:    }
src\mainFunctions.c:    ^
src\mainFunctions.c(160): warning:  #177-D: variable "Min" was declared but never referenced
src\mainFunctions.c:    s8 Min[4], Max[4];
src\mainFunctions.c:       ^
src\mainFunctions.c(160): warning:  #177-D: variable "Max" was declared but never referenced
src\mainFunctions.c:    s8 Min[4], Max[4];
src\mainFunctions.c:               ^
src\mainFunctions.c(166): warning:  #177-D: variable "Message" was declared but never referenced
src\mainFunctions.c:    s8 Message[10];
src\mainFunctions.c:       ^
src\mainFunctions.c: src\mainFunctions.c: 4 warnings, 12 errors
compiling MQ2.c...
compiling lm35.c...
compiling adc.c...
compiling Interrupt.c...
compiling uart.c...
UART\uart.c(21): warning:  #223-D: function "strstr" declared implicitly
UART\uart.c:                    if(strstr(buff,"+CMTI"))
UART\uart.c:                       ^
UART\uart.c(22): error:  #20: identifier "Flag" is undefined
UART\uart.c:                            Flag=1;
UART\uart.c:                            ^
UART\uart.c(26): error:  #20: identifier "dummy" is undefined
UART\uart.c:         dummy=U0IIR;                                               //Read to Clear transmit interrupt
UART\uart.c:         ^
UART\uart.c: UART\uart.c: 1 warning, 2 errors
compiling I2C.c...
compiling kpm.c...
compiling lcd.c...
compiling LED.c...
compiling GSM.c...
compiling eeprom.c...
Target not created
Build target 'Source'
assembling Startup.s...
compiling delay.c...
compiling main.c...
compiling mainFunctions.c...
src\mainFunctions.c(59): error:  #20: identifier "credentialBuff" is undefined
src\mainFunctions.c:    memset(credentialBuff,'\0',16);
src\mainFunctions.c:           ^
src\mainFunctions.c(103): error:  #20: identifier "Max" is undefined
src\mainFunctions.c:                    Max[i]= KeyScan();
src\mainFunctions.c:                    ^
src\mainFunctions.c(128): error:  #20: identifier "Min" is undefined
src\mainFunctions.c:                    Min[i]= KeyScan();
src\mainFunctions.c:                    ^
src\mainFunctions.c(144): error:  #20: identifier "Min" is undefined
src\mainFunctions.c:            setThreshold(Min,Max,&tempMin,&tempMax);
src\mainFunctions.c:                         ^
src\mainFunctions.c(144): error:  #20: identifier "Max" is undefined
src\mainFunctions.c:            setThreshold(Min,Max,&tempMin,&tempMax);
src\mainFunctions.c:                             ^
src\mainFunctions.c(218): error:  #65: expected a ";"
src\mainFunctions.c:                            if(keyPress == '1'){
src\mainFunctions.c:                            ^
src\mainFunctions.c(226): warning:  #12-D: parsing restarts here after previous syntax error
src\mainFunctions.c:                     }while(1);
src\mainFunctions.c:                     ^
src\mainFunctions.c(229): error:  #112: expected "while"
src\mainFunctions.c:            return;
src\mainFunctions.c:            ^
src\mainFunctions.c(230): error:  #125: expected a "("
src\mainFunctions.c:    }
src\mainFunctions.c:    ^
src\mainFunctions.c(230): error:  #29: expected an expression
src\mainFunctions.c:    }
src\mainFunctions.c:    ^
src\mainFunctions.c(230): error:  #18: expected a ")"
src\mainFunctions.c:    }
src\mainFunctions.c:    ^
src\mainFunctions.c(230): error:  #65: expected a ";"
src\mainFunctions.c:    }
src\mainFunctions.c:    ^
src\mainFunctions.c(160): warning:  #177-D: variable "Min" was declared but never referenced
src\mainFunctions.c:    s8 Min[4], Max[4];
src\mainFunctions.c:       ^
src\mainFunctions.c(160): warning:  #177-D: variable "Max" was declared but never referenced
src\mainFunctions.c:    s8 Min[4], Max[4];
src\mainFunctions.c:               ^
src\mainFunctions.c(166): warning:  #177-D: variable "Message" was declared but never referenced
src\mainFunctions.c:    s8 Message[10];
src\mainFunctions.c:       ^
src\mainFunctions.c: src\mainFunctions.c: 4 warnings, 11 errors
compiling MQ2.c...
compiling lm35.c...
compiling adc.c...
compiling Interrupt.c...
compiling uart.c...
UART\uart.c(21): warning:  #223-D: function "strstr" declared implicitly
UART\uart.c:                    if(strstr(buff,"+CMTI"))
UART\uart.c:                       ^
UART\uart.c(22): error:  #20: identifier "Flag" is undefined
UART\uart.c:                            Flag=1;
UART\uart.c:                            ^
UART\uart.c(26): error:  #20: identifier "dummy" is undefined
UART\uart.c:         dummy=U0IIR;                                               //Read to Clear transmit interrupt
UART\uart.c:         ^
UART\uart.c: UART\uart.c: 1 warning, 2 errors
compiling I2C.c...
compiling kpm.c...
compiling lcd.c...
compiling LED.c...
compiling GSM.c...
compiling eeprom.c...
Target not created
Build target 'Source'
assembling Startup.s...
compiling delay.c...
compiling main.c...
compiling mainFunctions.c...
src\mainFunctions.c(215): error:  #65: expected a ";"
src\mainFunctions.c:                            if(keyPress == '1'){
src\mainFunctions.c:                            ^
src\mainFunctions.c(223): warning:  #12-D: parsing restarts here after previous syntax error
src\mainFunctions.c:                     }while(1);
src\mainFunctions.c:                     ^
src\mainFunctions.c(226): error:  #112: expected "while"
src\mainFunctions.c:            return;
src\mainFunctions.c:            ^
src\mainFunctions.c(227): error:  #125: expected a "("
src\mainFunctions.c:    }
src\mainFunctions.c:    ^
src\mainFunctions.c(227): error:  #29: expected an expression
src\mainFunctions.c:    }
src\mainFunctions.c:    ^
src\mainFunctions.c(227): error:  #18: expected a ")"
src\mainFunctions.c:    }
src\mainFunctions.c:    ^
src\mainFunctions.c(227): error:  #65: expected a ";"
src\mainFunctions.c:    }
src\mainFunctions.c:    ^
src\mainFunctions.c(163): warning:  #177-D: variable "Message" was declared but never referenced
src\mainFunctions.c:    s8 Message[10];
src\mainFunctions.c:       ^
src\mainFunctions.c: src\mainFunctions.c: 2 warnings, 6 errors
compiling MQ2.c...
compiling lm35.c...
compiling adc.c...
compiling Interrupt.c...
compiling uart.c...
UART\uart.c(21): warning:  #223-D: function "strstr" declared implicitly
UART\uart.c:                    if(strstr(buff,"+CMTI"))
UART\uart.c:                       ^
UART\uart.c(22): error:  #20: identifier "Flag" is undefined
UART\uart.c:                            Flag=1;
UART\uart.c:                            ^
UART\uart.c(26): error:  #20: identifier "dummy" is undefined
UART\uart.c:         dummy=U0IIR;                                               //Read to Clear transmit interrupt
UART\uart.c:         ^
UART\uart.c: UART\uart.c: 1 warning, 2 errors
compiling I2C.c...
compiling kpm.c...
compiling lcd.c...
compiling LED.c...
compiling GSM.c...
compiling eeprom.c...
Target not created
Build target 'Source'
assembling Startup.s...
compiling delay.c...
compiling main.c...
compiling mainFunctions.c...
src\mainFunctions.c(219): error:  #20: identifier "KeyPress" is undefined
src\mainFunctions.c:                            else if(KeyPress == '2'){
src\mainFunctions.c:                                    ^
src\mainFunctions.c(226): error:  #112: expected "while"
src\mainFunctions.c:            return;
src\mainFunctions.c:            ^
src\mainFunctions.c(227): error:  #125: expected a "("
src\mainFunctions.c:    }
src\mainFunctions.c:    ^
src\mainFunctions.c(227): error:  #29: expected an expression
src\mainFunctions.c:    }
src\mainFunctions.c:    ^
src\mainFunctions.c(227): error:  #18: expected a ")"
src\mainFunctions.c:    }
src\mainFunctions.c:    ^
src\mainFunctions.c(227): error:  #65: expected a ";"
src\mainFunctions.c:    }
src\mainFunctions.c:    ^
src\mainFunctions.c(163): warning:  #177-D: variable "Message" was declared but never referenced
src\mainFunctions.c:    s8 Message[10];
src\mainFunctions.c:       ^
src\mainFunctions.c: src\mainFunctions.c: 1 warning, 6 errors
compiling MQ2.c...
compiling lm35.c...
compiling adc.c...
compiling Interrupt.c...
compiling uart.c...
UART\uart.c(21): warning:  #223-D: function "strstr" declared implicitly
UART\uart.c:                    if(strstr(buff,"+CMTI"))
UART\uart.c:                       ^
UART\uart.c(22): error:  #20: identifier "Flag" is undefined
UART\uart.c:                            Flag=1;
UART\uart.c:                            ^
UART\uart.c(26): error:  #20: identifier "dummy" is undefined
UART\uart.c:         dummy=U0IIR;                                               //Read to Clear transmit interrupt
UART\uart.c:         ^
UART\uart.c: UART\uart.c: 1 warning, 2 errors
compiling I2C.c...
compiling kpm.c...
compiling lcd.c...
compiling LED.c...
compiling GSM.c...
compiling eeprom.c...
Target not created
Build target 'Source'
assembling Startup.s...
compiling delay.c...
compiling main.c...
compiling mainFunctions.c...
src\mainFunctions.c(219): error:  #20: identifier "KeyPress" is undefined
src\mainFunctions.c:                            else if(KeyPress == '2'){
src\mainFunctions.c:                                    ^
src\mainFunctions.c(163): warning:  #177-D: variable "Message" was declared but never referenced
src\mainFunctions.c:    s8 Message[10];
src\mainFunctions.c:       ^
src\mainFunctions.c: src\mainFunctions.c: 1 warning, 1 error
compiling MQ2.c...
compiling lm35.c...
compiling adc.c...
compiling Interrupt.c...
compiling uart.c...
UART\uart.c(21): warning:  #223-D: function "strstr" declared implicitly
UART\uart.c:                    if(strstr(buff,"+CMTI"))
UART\uart.c:                       ^
UART\uart.c(22): error:  #20: identifier "Flag" is undefined
UART\uart.c:                            Flag=1;
UART\uart.c:                            ^
UART\uart.c(26): error:  #20: identifier "dummy" is undefined
UART\uart.c:         dummy=U0IIR;                                               //Read to Clear transmit interrupt
UART\uart.c:         ^
UART\uart.c: UART\uart.c: 1 warning, 2 errors
compiling I2C.c...
compiling kpm.c...
compiling lcd.c...
compiling LED.c...
compiling GSM.c...
compiling eeprom.c...
Target not created
Build target 'Source'
assembling Startup.s...
compiling delay.c...
compiling main.c...
compiling mainFunctions.c...
src\mainFunctions.c(163): warning:  #177-D: variable "Message" was declared but never referenced
src\mainFunctions.c:    s8 Message[10];
src\mainFunctions.c:       ^
src\mainFunctions.c: src\mainFunctions.c: 1 warning, 0 errors
compiling MQ2.c...
compiling lm35.c...
compiling adc.c...
compiling Interrupt.c...
compiling uart.c...
UART\uart.c(21): warning:  #223-D: function "strstr" declared implicitly
UART\uart.c:                    if(strstr(buff,"+CMTI"))
UART\uart.c:                       ^
UART\uart.c(22): error:  #20: identifier "Flag" is undefined
UART\uart.c:                            Flag=1;
UART\uart.c:                            ^
UART\uart.c(26): error:  #20: identifier "dummy" is undefined
UART\uart.c:         dummy=U0IIR;                                               //Read to Clear transmit interrupt
UART\uart.c:         ^
UART\uart.c: UART\uart.c: 1 warning, 2 errors
compiling I2C.c...
compiling kpm.c...
compiling lcd.c...
compiling LED.c...
compiling GSM.c...
compiling eeprom.c...
Target not created
Build target 'Source'
assembling Startup.s...
compiling delay.c...
compiling main.c...
compiling mainFunctions.c...
compiling MQ2.c...
compiling lm35.c...
compiling adc.c...
compiling Interrupt.c...
compiling uart.c...
UART\uart.c(21): warning:  #223-D: function "strstr" declared implicitly
UART\uart.c:                    if(strstr(buff,"+CMTI"))
UART\uart.c:                       ^
UART\uart.c(22): error:  #20: identifier "Flag" is undefined
UART\uart.c:                            Flag=1;
UART\uart.c:                            ^
UART\uart.c(26): error:  #20: identifier "dummy" is undefined
UART\uart.c:         dummy=U0IIR;                                               //Read to Clear transmit interrupt
UART\uart.c:         ^
UART\uart.c: UART\uart.c: 1 warning, 2 errors
compiling I2C.c...
compiling kpm.c...
compiling lcd.c...
compiling LED.c...
compiling GSM.c...
compiling eeprom.c...
Target not created
Build target 'Source'
assembling Startup.s...
compiling delay.c...
compiling main.c...
compiling mainFunctions.c...
compiling MQ2.c...
compiling lm35.c...
compiling adc.c...
compiling Interrupt.c...
compiling uart.c...
UART\uart.c(23): error:  #20: identifier "Flag" is undefined
UART\uart.c:                            Flag=1;
UART\uart.c:                            ^
UART\uart.c(27): error:  #20: identifier "dummy" is undefined
UART\uart.c:         dummy=U0IIR;                                               //Read to Clear transmit interrupt
UART\uart.c:         ^
UART\uart.c: UART\uart.c: 0 warnings, 2 errors
compiling I2C.c...
compiling kpm.c...
compiling lcd.c...
compiling LED.c...
compiling GSM.c...
compiling eeprom.c...
Target not created
Build target 'Source'
assembling Startup.s...
compiling delay.c...
compiling main.c...
compiling mainFunctions.c...
compiling MQ2.c...
compiling lm35.c...
compiling adc.c...
compiling Interrupt.c...
compiling uart.c...
UART\uart.c(23): error:  #20: identifier "Flag" is undefined
UART\uart.c:                            Flag=1;
UART\uart.c:                            ^
UART\uart.c(27): error:  #20: identifier "dummy" is undefined
UART\uart.c:         dummy=U0IIR;                                               //Read to Clear transmit interrupt
UART\uart.c:         ^
UART\uart.c: UART\uart.c: 0 warnings, 2 errors
compiling I2C.c...
compiling kpm.c...
compiling lcd.c...
compiling LED.c...
compiling GSM.c...
compiling eeprom.c...
Target not created
Build target 'Source'
assembling Startup.s...
compiling delay.c...
compiling main.c...
compiling mainFunctions.c...
src\mainFunctions.c(212): error:  #20: identifier "trial" is undefined
src\mainFunctions.c:            if(trial < 3)
src\mainFunctions.c:               ^
src\mainFunctions.c: src\mainFunctions.c: 0 warnings, 1 error
compiling MQ2.c...
compiling lm35.c...
compiling adc.c...
compiling Interrupt.c...
compiling uart.c...
UART\uart.c(24): error:  #20: identifier "Flag" is undefined
UART\uart.c:                            Flag=1;
UART\uart.c:                            ^
UART\uart.c: UART\uart.c: 0 warnings, 1 error
compiling I2C.c...
compiling kpm.c...
compiling lcd.c...
compiling LED.c...
compiling GSM.c...
compiling eeprom.c...
Target not created
Build target 'Source'
assembling Startup.s...
compiling delay.c...
compiling main.c...
compiling mainFunctions.c...
src\mainFunctions.c(212): error:  #20: identifier "trial" is undefined
src\mainFunctions.c:            if(trial < 3)
src\mainFunctions.c:               ^
src\mainFunctions.c: src\mainFunctions.c: 0 warnings, 1 error
compiling MQ2.c...
compiling lm35.c...
compiling adc.c...
compiling Interrupt.c...
compiling uart.c...
compiling I2C.c...
compiling kpm.c...
compiling lcd.c...
compiling LED.c...
compiling GSM.c...
compiling eeprom.c...
Target not created
Build target 'Source'
assembling Startup.s...
compiling delay.c...
compiling main.c...
compiling mainFunctions.c...
src\mainFunctions.c(212): error:  #20: identifier "trial" is undefined
src\mainFunctions.c:            if(trial < 3)
src\mainFunctions.c:               ^
src\mainFunctions.c: src\mainFunctions.c: 0 warnings, 1 error
compiling MQ2.c...
compiling lm35.c...
compiling adc.c...
compiling Interrupt.c...
compiling uart.c...
compiling I2C.c...
compiling kpm.c...
compiling lcd.c...
compiling LED.c...
compiling GSM.c...
compiling eeprom.c...
Target not created
Build target 'Source'
assembling Startup.s...
compiling delay.c...
compiling main.c...
compiling mainFunctions.c...
compiling MQ2.c...
compiling lm35.c...
compiling adc.c...
compiling Interrupt.c...
compiling uart.c...
compiling I2C.c...
compiling kpm.c...
compiling lcd.c...
compiling LED.c...
compiling GSM.c...
compiling eeprom.c...
linking...
source.axf: Error: L6218E: Undefined symbol ackSwitch (referred from mainfunctions.o).
source.axf: Error: L6218E: Undefined symbol Flag (referred from uart.o).
source.axf: Not enough information to list image symbols.
source.axf: Finished: 1 information, 0 warning and 2 error messages.
Target not created
Build target 'Source'
assembling Startup.s...
compiling delay.c...
compiling main.c...
compiling mainFunctions.c...
compiling MQ2.c...
compiling lm35.c...
compiling adc.c...
compiling Interrupt.c...
compiling uart.c...
compiling I2C.c...
compiling kpm.c...
compiling lcd.c...
compiling LED.c...
compiling GSM.c...
compiling eeprom.c...
linking...
source.axf: Error: L6218E: Undefined symbol Flag (referred from uart.o).
source.axf: Not enough information to list image symbols.
source.axf: Finished: 1 information, 0 warning and 1 error messages.
Target not created
Build target 'Source'
assembling Startup.s...
compiling delay.c...
compiling main.c...
compiling mainFunctions.c...
compiling MQ2.c...
compiling lm35.c...
compiling adc.c...
compiling Interrupt.c...
compiling uart.c...
compiling I2C.c...
compiling kpm.c...
compiling lcd.c...
compiling LED.c...
compiling GSM.c...
compiling eeprom.c...
linking...
Program Size: Code=12628 RO-data=304 RW-data=72 ZI-data=1392  
FromELF: creating hex file...
"source.axf" - 0 Error(s), 0 Warning(s).
