<html>
<body>
<pre>
<h1>µVision Build Log</h1>
<h2>Project:</h2>
E:\v22he9p7\ARM\LPC2129_I2C_EEPROM_PERIPHERAL_2\sample.uvproj
Project File Date:  04/29/2023

<h2>Output:</h2>
Build target 'Target 1'
assembling Startup.s...
compiling i2c.c...
compiling main.c...
compiling delay.c...
compiling i2c_eeprom.c...
linking...
Program Size: Code=1660 RO-data=16 RW-data=0 ZI-data=1256  
FromELF: creating hex file...
"sample.axf" - 0 Error(s), 0 Warning(s).
Build target 'Target 1'
assembling Startup.s...
compiling i2c.c...
compiling main.c...
compiling delay.c...
compiling i2c_eeprom.c...
linking...
Program Size: Code=1660 RO-data=16 RW-data=0 ZI-data=1256  
FromELF: creating hex file...
"sample.axf" - 0 Error(s), 0 Warning(s).
Build target 'Target 1'
assembling Startup.s...
compiling i2c.c...
compiling main.c...
compiling delay.c...
compiling i2c_eeprom.c...
linking...
Program Size: Code=1660 RO-data=16 RW-data=0 ZI-data=1256  
FromELF: creating hex file...
"sample.axf" - 0 Error(s), 0 Warning(s).
Build target 'Target 1'
assembling Startup.s...
compiling i2c.c...
compiling main.c...
compiling delay.c...
compiling i2c_eeprom.c...
linking...
Program Size: Code=1660 RO-data=16 RW-data=0 ZI-data=1256  
FromELF: creating hex file...
"sample.axf" - 0 Error(s), 0 Warning(s).
