<html>
<body>
<pre>
<h1>µVision Build Log</h1>
<h2>Project:</h2>
E:\Project\Files\source.uvproj
Project File Date:  06/30/2024

<h2>Output:</h2>
Build target 'Source'
assembling Startup.s...
compiling delay.c...
compiling main.c...
compiling mainFunctions.c...
compiling MQ2.c...
compiling lm35.c...
compiling adc.c...
compiling Interrupt.c...
compiling uart.c...
compiling I2C.c...
compiling kpm.c...
compiling lcd.c...
compiling LED.c...
compiling eeprom.c...
linking...
Program Size: Code=5804 RO-data=32 RW-data=16 ZI-data=1288  
FromELF: creating hex file...
"source.axf" - 0 Error(s), 0 Warning(s).
Build target 'Source'
assembling Startup.s...
compiling delay.c...
compiling main.c...
compiling mainFunctions.c...
src\mainFunctions.c(46): warning:  #223-D: function "i2c_eeprom_seq_read" declared implicitly
src\mainFunctions.c:    i2c_eeprom_seq_read(I2C_EEPROM_SA,0x00,p,8);
src\mainFunctions.c:    ^
src\mainFunctions.c(47): warning:  #167-D: argument of type "u8 *" is incompatible with parameter of type "const char *restrict"
src\mainFunctions.c:    strcpy(hashBuff, p);
src\mainFunctions.c:                     ^
src\mainFunctions.c(48): warning:  #174-D: expression has no effect
src\mainFunctions.c:    hashBuff
src\mainFunctions.c:    ^
src\mainFunctions.c(49): error:  #65: expected a ";"
src\mainFunctions.c:    TRIAL:
src\mainFunctions.c:    ^
src\mainFunctions.c(96): warning:  #12-D: parsing restarts here after previous syntax error
src\mainFunctions.c:   }
src\mainFunctions.c:   ^
src\mainFunctions.c(40): warning:  #177-D: variable "credentialBuff" was declared but never referenced
src\mainFunctions.c:    s8 credentialBuff[20];
src\mainFunctions.c:       ^
src\mainFunctions.c(42): warning:  #177-D: variable "Message" was declared but never referenced
src\mainFunctions.c:    s8 Message[20];
src\mainFunctions.c:       ^
src\mainFunctions.c(43): warning:  #177-D: variable "i" was declared but never referenced
src\mainFunctions.c:    short int i;
src\mainFunctions.c:              ^
src\mainFunctions.c(44): warning:  #177-D: variable "trial" was declared but never referenced
src\mainFunctions.c:    short int trial =0;
src\mainFunctions.c:              ^
src\mainFunctions.c: src\mainFunctions.c: 8 warnings, 1 error
compiling MQ2.c...
compiling lm35.c...
compiling adc.c...
compiling Interrupt.c...
compiling uart.c...
compiling I2C.c...
compiling kpm.c...
compiling lcd.c...
compiling LED.c...
LED\LED.c(4): error:  #20: identifier "IOPIN1" is undefined
LED\LED.c:      IOPIN1 ^= REDLED;
LED\LED.c:      ^
LED\LED.c(4): error:  #20: identifier "REDLED" is undefined
LED\LED.c:      IOPIN1 ^= REDLED;
LED\LED.c:                ^
LED\LED.c(9): error:  #20: identifier "IOPIN1" is undefined
LED\LED.c:      IOPIN1 ^= GREENLED;
LED\LED.c:      ^
LED\LED.c(9): error:  #20: identifier "GREENLED" is undefined
LED\LED.c:      IOPIN1 ^= GREENLED;
LED\LED.c:                ^
LED\LED.c: LED\LED.c: 0 warnings, 4 errors
compiling eeprom.c...
Target not created
Build target 'Source'
assembling Startup.s...
compiling delay.c...
compiling main.c...
compiling mainFunctions.c...
src\mainFunctions.c(46): warning:  #223-D: function "i2c_eeprom_seq_read" declared implicitly
src\mainFunctions.c:    i2c_eeprom_seq_read(I2C_EEPROM_SA,0x00,p,8);
src\mainFunctions.c:    ^
src\mainFunctions.c(47): warning:  #167-D: argument of type "u8 *" is incompatible with parameter of type "const char *restrict"
src\mainFunctions.c:    strcpy(hashBuff, p);
src\mainFunctions.c:                     ^
src\mainFunctions.c(48): warning:  #174-D: expression has no effect
src\mainFunctions.c:    hashBuff
src\mainFunctions.c:    ^
src\mainFunctions.c(49): error:  #65: expected a ";"
src\mainFunctions.c:    TRIAL:
src\mainFunctions.c:    ^
src\mainFunctions.c(96): warning:  #12-D: parsing restarts here after previous syntax error
src\mainFunctions.c:   }
src\mainFunctions.c:   ^
src\mainFunctions.c(40): warning:  #177-D: variable "credentialBuff" was declared but never referenced
src\mainFunctions.c:    s8 credentialBuff[20];
src\mainFunctions.c:       ^
src\mainFunctions.c(42): warning:  #177-D: variable "Message" was declared but never referenced
src\mainFunctions.c:    s8 Message[20];
src\mainFunctions.c:       ^
src\mainFunctions.c(43): warning:  #177-D: variable "i" was declared but never referenced
src\mainFunctions.c:    short int i;
src\mainFunctions.c:              ^
src\mainFunctions.c(44): warning:  #177-D: variable "trial" was declared but never referenced
src\mainFunctions.c:    short int trial =0;
src\mainFunctions.c:              ^
src\mainFunctions.c: src\mainFunctions.c: 8 warnings, 1 error
compiling MQ2.c...
compiling lm35.c...
compiling adc.c...
compiling Interrupt.c...
compiling uart.c...
compiling I2C.c...
compiling kpm.c...
compiling lcd.c...
compiling LED.c...
LED\LED.c(1): error:  #5: cannot open source input file "LCP21xx.h": No such file or directory
LED\LED.c:   #include <LCP21xx.h>
LED\LED.c:                       ^
LED\LED.c: LED\LED.c: 0 warnings, 1 error
compiling eeprom.c...
Target not created
Build target 'Source'
assembling Startup.s...
compiling delay.c...
compiling main.c...
compiling mainFunctions.c...
src\mainFunctions.c(46): warning:  #223-D: function "i2c_eeprom_seq_read" declared implicitly
src\mainFunctions.c:    i2c_eeprom_seq_read(I2C_EEPROM_SA,0x00,p,8);
src\mainFunctions.c:    ^
src\mainFunctions.c(47): warning:  #167-D: argument of type "u8 *" is incompatible with parameter of type "const char *restrict"
src\mainFunctions.c:    strcpy(hashBuff, p);
src\mainFunctions.c:                     ^
src\mainFunctions.c: src\mainFunctions.c: 2 warnings, 0 errors
compiling MQ2.c...
compiling lm35.c...
compiling adc.c...
compiling Interrupt.c...
compiling uart.c...
compiling I2C.c...
compiling kpm.c...
compiling lcd.c...
compiling LED.c...
LED\LED.c(1): error:  #5: cannot open source input file "LCP21xx.h": No such file or directory
LED\LED.c:   #include <LCP21xx.h>
LED\LED.c:                       ^
LED\LED.c: LED\LED.c: 0 warnings, 1 error
compiling eeprom.c...
Target not created
Build target 'Source'
assembling Startup.s...
compiling delay.c...
compiling main.c...
compiling mainFunctions.c...
src\mainFunctions.c(47): warning:  #223-D: function "i2c_eeprom_seq_read" declared implicitly
src\mainFunctions.c:    i2c_eeprom_seq_read(I2C_EEPROM_SA,0x00,p,8);
src\mainFunctions.c:    ^
src\mainFunctions.c(48): warning:  #167-D: argument of type "u8 *" is incompatible with parameter of type "const char *restrict"
src\mainFunctions.c:    strcpy(hashBuff, p);
src\mainFunctions.c:                     ^
src\mainFunctions.c: src\mainFunctions.c: 2 warnings, 0 errors
compiling MQ2.c...
compiling lm35.c...
compiling adc.c...
compiling Interrupt.c...
compiling uart.c...
compiling I2C.c...
compiling kpm.c...
compiling lcd.c...
compiling LED.c...
LED\LED.c(1): error:  #5: cannot open source input file "LCP21xx.h": No such file or directory
LED\LED.c:   #include <LCP21xx.h>
LED\LED.c:                       ^
LED\LED.c: LED\LED.c: 0 warnings, 1 error
compiling eeprom.c...
Target not created
Build target 'Source'
assembling Startup.s...
compiling delay.c...
compiling main.c...
compiling mainFunctions.c...
src\mainFunctions.c(47): warning:  #223-D: function "i2c_eeprom_seq_read" declared implicitly
src\mainFunctions.c:    i2c_eeprom_seq_read(I2C_EEPROM_SA,0x00,p,8);
src\mainFunctions.c:    ^
src\mainFunctions.c(48): warning:  #167-D: argument of type "u8 *" is incompatible with parameter of type "const char *restrict"
src\mainFunctions.c:    strcpy(hashBuff, p);
src\mainFunctions.c:                     ^
src\mainFunctions.c: src\mainFunctions.c: 2 warnings, 0 errors
compiling MQ2.c...
compiling lm35.c...
compiling adc.c...
compiling Interrupt.c...
compiling uart.c...
compiling I2C.c...
compiling kpm.c...
compiling lcd.c...
compiling LED.c...
LED\LED.c(1): error:  #5: cannot open source input file "LCP21xx.h": No such file or directory
LED\LED.c:   #include <LCP21xx.h>
LED\LED.c:                       ^
LED\LED.c: LED\LED.c: 0 warnings, 1 error
compiling eeprom.c...
Target not created
Build target 'Source'
assembling Startup.s...
compiling delay.c...
compiling main.c...
compiling mainFunctions.c...
src\mainFunctions.c(47): warning:  #167-D: argument of type "u8 *" is incompatible with parameter of type "s8 *"
src\mainFunctions.c:    i2c_eeprom_seqread(I2C_EEPROM_SA,0x00,p,8);
src\mainFunctions.c:                                          ^
src\mainFunctions.c(48): warning:  #167-D: argument of type "u8 *" is incompatible with parameter of type "const char *restrict"
src\mainFunctions.c:    strcpy(hashBuff, p);
src\mainFunctions.c:                     ^
src\mainFunctions.c: src\mainFunctions.c: 2 warnings, 0 errors
compiling MQ2.c...
compiling lm35.c...
compiling adc.c...
compiling Interrupt.c...
compiling uart.c...
compiling I2C.c...
compiling kpm.c...
compiling lcd.c...
compiling LED.c...
LED\LED.c(1): error:  #5: cannot open source input file "LCP21xx.h": No such file or directory
LED\LED.c:   #include <LCP21xx.h>
LED\LED.c:                       ^
LED\LED.c: LED\LED.c: 0 warnings, 1 error
compiling eeprom.c...
Target not created
Build target 'Source'
assembling Startup.s...
compiling delay.c...
compiling main.c...
compiling mainFunctions.c...
compiling MQ2.c...
compiling lm35.c...
compiling adc.c...
compiling Interrupt.c...
compiling uart.c...
compiling I2C.c...
compiling kpm.c...
compiling lcd.c...
compiling LED.c...
LED\LED.c(1): error:  #5: cannot open source input file "LCP21xx.h": No such file or directory
LED\LED.c:   #include <LCP21xx.h>
LED\LED.c:                       ^
LED\LED.c: LED\LED.c: 0 warnings, 1 error
compiling eeprom.c...
Target not created
Build target 'Source'
compiling LED.c...
LED\LED.c(5): error:  #20: identifier "REDLED" is undefined
LED\LED.c:      IOPIN1 ^= REDLED;
LED\LED.c:                ^
LED\LED.c(10): error:  #20: identifier "GREENLED" is undefined
LED\LED.c:      IOPIN1 ^= GREENLED;
LED\LED.c:                ^
LED\LED.c: LED\LED.c: 0 warnings, 2 errors
Target not created
Build target 'Source'
assembling Startup.s...
compiling delay.c...
compiling main.c...
compiling mainFunctions.c...
compiling MQ2.c...
compiling lm35.c...
compiling adc.c...
compiling Interrupt.c...
compiling uart.c...
compiling I2C.c...
compiling kpm.c...
compiling lcd.c...
compiling LED.c...
LED\LED.c(5): error:  #20: identifier "REDLED" is undefined
LED\LED.c:      IOPIN1 ^= REDLED;
LED\LED.c:                ^
LED\LED.c(10): error:  #20: identifier "GREENLED" is undefined
LED\LED.c:      IOPIN1 ^= GREENLED;
LED\LED.c:                ^
LED\LED.c: LED\LED.c: 0 warnings, 2 errors
compiling eeprom.c...
Target not created
Build target 'Source'
assembling Startup.s...
compiling delay.c...
compiling main.c...
compiling mainFunctions.c...
compiling MQ2.c...
compiling lm35.c...
compiling adc.c...
compiling Interrupt.c...
compiling uart.c...
compiling I2C.c...
compiling kpm.c...
compiling lcd.c...
compiling LED.c...
compiling eeprom.c...
linking...
Program Size: Code=5904 RO-data=32 RW-data=16 ZI-data=1320  
FromELF: creating hex file...
"source.axf" - 0 Error(s), 0 Warning(s).
Build target 'Source'
assembling Startup.s...
compiling delay.c...
compiling main.c...
compiling mainFunctions.c...
compiling MQ2.c...
compiling lm35.c...
compiling adc.c...
compiling Interrupt.c...
UART\Interrupt.c(17): warning:  #223-D: function "CFGPIN" declared implicitly
UART\Interrupt.c:       CFGPIN(PINSEL1,0,FUNC2);
UART\Interrupt.c:       ^
UART\Interrupt.c: UART\Interrupt.c: 1 warning, 0 errors
compiling uart.c...
compiling I2C.c...
compiling kpm.c...
compiling lcd.c...
compiling LED.c...
compiling eeprom.c...
linking...
source.axf: Error: L6218E: Undefined symbol CFGPIN (referred from interrupt.o).
source.axf: Not enough information to list image symbols.
source.axf: Finished: 1 information, 0 warning and 1 error messages.
Target not created
Build target 'Source'
assembling Startup.s...
compiling delay.c...
compiling main.c...
compiling mainFunctions.c...
compiling MQ2.c...
compiling lm35.c...
compiling adc.c...
compiling Interrupt.c...
compiling uart.c...
compiling I2C.c...
compiling kpm.c...
compiling lcd.c...
compiling LED.c...
compiling eeprom.c...
linking...
Program Size: Code=5904 RO-data=32 RW-data=16 ZI-data=1320  
FromELF: creating hex file...
"source.axf" - 0 Error(s), 0 Warning(s).
Build target 'Source'
assembling Startup.s...
compiling delay.c...
compiling main.c...
compiling mainFunctions.c...
src\mainFunctions.c(9): warning:  #223-D: function "SendGSM_SMS" declared implicitly
src\mainFunctions.c:    SendGSM_SMS("Alert You fucked up !!");
src\mainFunctions.c:    ^
src\mainFunctions.c: src\mainFunctions.c: 1 warning, 0 errors
compiling MQ2.c...
compiling lm35.c...
compiling adc.c...
compiling Interrupt.c...
compiling uart.c...
compiling I2C.c...
compiling kpm.c...
compiling lcd.c...
compiling LED.c...
compiling eeprom.c...
linking...
source.axf: Error: L6218E: Undefined symbol SendGSM_SMS (referred from mainfunctions.o).
source.axf: Not enough information to list image symbols.
source.axf: Finished: 1 information, 0 warning and 1 error messages.
Target not created
Build target 'Source'
compiling GSM.c...
GSM\GSM.c(1): error:  #20: identifier "u8" is undefined
GSM\GSM.c:   void SendGSM_SMS(u8 *Message)
GSM\GSM.c:                    ^
GSM\GSM.c(4): warning:  #1-D: last line of file ends without a newline
GSM\GSM.c:   }
GSM\GSM.c:    ^
GSM\GSM.c: GSM\GSM.c: 1 warning, 1 error
Target not created
Build target 'Source'
assembling Startup.s...
compiling delay.c...
compiling main.c...
compiling mainFunctions.c...
src\mainFunctions.c(9): warning:  #223-D: function "SendGSM_SMS" declared implicitly
src\mainFunctions.c:    SendGSM_SMS("Alert You fucked up !!");
src\mainFunctions.c:    ^
src\mainFunctions.c: src\mainFunctions.c: 1 warning, 0 errors
compiling MQ2.c...
compiling lm35.c...
compiling adc.c...
compiling Interrupt.c...
compiling uart.c...
compiling I2C.c...
compiling kpm.c...
compiling lcd.c...
compiling LED.c...
compiling GSM.c...
GSM\GSM.c(1): error:  #20: identifier "u8" is undefined
GSM\GSM.c:   void SendGSM_SMS(u8 *Message)
GSM\GSM.c:                    ^
GSM\GSM.c(4): warning:  #1-D: last line of file ends without a newline
GSM\GSM.c:   }
GSM\GSM.c:    ^
GSM\GSM.c: GSM\GSM.c: 1 warning, 1 error
compiling eeprom.c...
Target not created
Build target 'Source'
assembling Startup.s...
compiling delay.c...
compiling main.c...
compiling mainFunctions.c...
src\mainFunctions.c(9): warning:  #223-D: function "SendGSM_SMS" declared implicitly
src\mainFunctions.c:    SendGSM_SMS("Alert You fucked up !!");
src\mainFunctions.c:    ^
src\mainFunctions.c: src\mainFunctions.c: 1 warning, 0 errors
compiling MQ2.c...
compiling lm35.c...
compiling adc.c...
compiling Interrupt.c...
compiling uart.c...
compiling I2C.c...
compiling kpm.c...
compiling lcd.c...
compiling LED.c...
compiling GSM.c...
GSM\GSM.c(1): error:  #20: identifier "u8" is undefined
GSM\GSM.c:   void SendGSM_SMS(u8 *Message)
GSM\GSM.c:                    ^
GSM\GSM.c(4): warning:  #1-D: last line of file ends without a newline
GSM\GSM.c:   }
GSM\GSM.c:    ^
GSM\GSM.c: GSM\GSM.c: 1 warning, 1 error
compiling eeprom.c...
Target not created
Build target 'Source'
assembling Startup.s...
compiling delay.c...
compiling main.c...
Header/GSM.h(1): warning:  #1-D: last line of file ends without a newline
Header/GSM.h:   void SendGSM_SMS(u8 *);
Header/GSM.h:                          ^
Header/GSM.h: src\main.c: 1 warning, 0 errors
compiling mainFunctions.c...
Header/GSM.h(1): warning:  #1-D: last line of file ends without a newline
Header/GSM.h:   void SendGSM_SMS(u8 *);
Header/GSM.h:                          ^
Header/GSM.h: src\mainFunctions.c: 1 warning, 0 errors
compiling MQ2.c...
compiling lm35.c...
compiling adc.c...
compiling Interrupt.c...
compiling uart.c...
compiling I2C.c...
compiling kpm.c...
compiling lcd.c...
compiling LED.c...
compiling GSM.c...
GSM\GSM.c(1): error:  #20: identifier "u8" is undefined
GSM\GSM.c:   void SendGSM_SMS(u8 *Message)
GSM\GSM.c:                    ^
GSM\GSM.c: GSM\GSM.c: 0 warnings, 1 error
compiling eeprom.c...
Target not created
Build target 'Source'
assembling Startup.s...
compiling delay.c...
compiling main.c...
compiling mainFunctions.c...
compiling MQ2.c...
compiling lm35.c...
compiling adc.c...
compiling Interrupt.c...
compiling uart.c...
compiling I2C.c...
compiling kpm.c...
compiling lcd.c...
compiling LED.c...
compiling GSM.c...
GSM\GSM.c(1): error:  #20: identifier "u8" is undefined
GSM\GSM.c:   void SendGSM_SMS(u8 *Message)
GSM\GSM.c:                    ^
GSM\GSM.c: GSM\GSM.c: 0 warnings, 1 error
compiling eeprom.c...
Target not created
Build target 'Source'
assembling Startup.s...
compiling delay.c...
compiling main.c...
compiling mainFunctions.c...
compiling MQ2.c...
compiling lm35.c...
compiling adc.c...
compiling Interrupt.c...
compiling uart.c...
compiling I2C.c...
compiling kpm.c...
compiling lcd.c...
compiling LED.c...
compiling GSM.c...
GSM\GSM.c(1): error:  #20: identifier "u8" is undefined
GSM\GSM.c:   void SendGSM_SMS(u8 *Message)
GSM\GSM.c:                    ^
GSM\GSM.c: GSM\GSM.c: 0 warnings, 1 error
compiling eeprom.c...
Target not created
Build target 'Source'
assembling Startup.s...
compiling delay.c...
compiling main.c...
compiling mainFunctions.c...
compiling MQ2.c...
compiling lm35.c...
compiling adc.c...
compiling Interrupt.c...
compiling uart.c...
compiling I2C.c...
compiling kpm.c...
compiling lcd.c...
compiling LED.c...
compiling GSM.c...
compiling eeprom.c...
linking...
Program Size: Code=5940 RO-data=32 RW-data=16 ZI-data=1320  
FromELF: creating hex file...
"source.axf" - 0 Error(s), 0 Warning(s).
Build target 'Source'
assembling Startup.s...
compiling delay.c...
compiling main.c...
compiling mainFunctions.c...
compiling MQ2.c...
compiling lm35.c...
compiling adc.c...
compiling Interrupt.c...
compiling uart.c...
compiling I2C.c...
compiling kpm.c...
compiling lcd.c...
compiling LED.c...
compiling GSM.c...
compiling eeprom.c...
linking...
Program Size: Code=5940 RO-data=32 RW-data=16 ZI-data=1320  
FromELF: creating hex file...
"source.axf" - 0 Error(s), 0 Warning(s).
Build target 'Source'
assembling Startup.s...
compiling delay.c...
compiling main.c...
compiling mainFunctions.c...
src\mainFunctions.c(91): warning:  #223-D: function "atoi" declared implicitly
src\mainFunctions.c:            Min = atoi(credentialBuff);
src\mainFunctions.c:                  ^
src\mainFunctions.c(110): error:  #140: too many arguments in function call
src\mainFunctions.c:            setThreshold(Min,Max);
src\mainFunctions.c:                         ^
src\mainFunctions.c: src\mainFunctions.c: 1 warning, 1 error
compiling MQ2.c...
compiling lm35.c...
compiling adc.c...
compiling Interrupt.c...
compiling uart.c...
compiling I2C.c...
compiling kpm.c...
compiling lcd.c...
compiling LED.c...
compiling GSM.c...
compiling eeprom.c...
Target not created
Build target 'Source'
assembling Startup.s...
compiling delay.c...
compiling main.c...
compiling mainFunctions.c...
src\mainFunctions.c(91): warning:  #223-D: function "atoi" declared implicitly
src\mainFunctions.c:            Min = atoi(credentialBuff);
src\mainFunctions.c:                  ^
src\mainFunctions.c(110): error:  #140: too many arguments in function call
src\mainFunctions.c:            setThreshold(Min,Max);
src\mainFunctions.c:                         ^
src\mainFunctions.c: src\mainFunctions.c: 1 warning, 1 error
compiling MQ2.c...
compiling lm35.c...
compiling adc.c...
compiling Interrupt.c...
compiling uart.c...
compiling I2C.c...
compiling kpm.c...
compiling lcd.c...
compiling LED.c...
compiling GSM.c...
compiling eeprom.c...
Target not created
Build target 'Source'
assembling Startup.s...
compiling delay.c...
compiling main.c...
compiling mainFunctions.c...
src\mainFunctions.c(91): warning:  #223-D: function "atoi" declared implicitly
src\mainFunctions.c:            Min = atoi(credentialBuff);
src\mainFunctions.c:                  ^
src\mainFunctions.c: src\mainFunctions.c: 1 warning, 0 errors
compiling MQ2.c...
compiling lm35.c...
compiling adc.c...
compiling Interrupt.c...
compiling uart.c...
compiling I2C.c...
compiling kpm.c...
compiling lcd.c...
compiling LED.c...
compiling GSM.c...
compiling eeprom.c...
linking...
Program Size: Code=6784 RO-data=304 RW-data=16 ZI-data=1288  
FromELF: creating hex file...
"source.axf" - 0 Error(s), 1 Warning(s).
Build target 'Source'
assembling Startup.s...
compiling delay.c...
compiling main.c...
compiling mainFunctions.c...
compiling MQ2.c...
compiling lm35.c...
compiling adc.c...
compiling Interrupt.c...
compiling uart.c...
compiling I2C.c...
compiling kpm.c...
compiling lcd.c...
compiling LED.c...
compiling GSM.c...
compiling eeprom.c...
linking...
Program Size: Code=6784 RO-data=304 RW-data=16 ZI-data=1288  
FromELF: creating hex file...
"source.axf" - 0 Error(s), 0 Warning(s).
Build target 'Source'
assembling Startup.s...
compiling delay.c...
compiling main.c...
compiling mainFunctions.c...
src\mainFunctions.c(110): error:  #167: argument of type "s8 *" is incompatible with parameter of type "int"
src\mainFunctions.c:            setThreshold(Min,Max);
src\mainFunctions.c:                         ^
src\mainFunctions.c(110): error:  #167: argument of type "s8 *" is incompatible with parameter of type "int"
src\mainFunctions.c:            setThreshold(Min,Max);
src\mainFunctions.c:                             ^
src\mainFunctions.c(134): warning:  #223-D: function "redLED" declared implicitly
src\mainFunctions.c:                    redLED(0);
src\mainFunctions.c:                    ^
src\mainFunctions.c: src\mainFunctions.c: 1 warning, 2 errors
compiling MQ2.c...
compiling lm35.c...
compiling adc.c...
compiling Interrupt.c...
compiling uart.c...
compiling I2C.c...
compiling kpm.c...
compiling lcd.c...
compiling LED.c...
compiling GSM.c...
compiling eeprom.c...
Target not created
Build target 'Source'
assembling Startup.s...
compiling delay.c...
compiling main.c...
compiling mainFunctions.c...
src\mainFunctions.c(134): warning:  #223-D: function "redLED" declared implicitly
src\mainFunctions.c:                    redLED(0);
src\mainFunctions.c:                    ^
src\mainFunctions.c: src\mainFunctions.c: 1 warning, 0 errors
compiling MQ2.c...
compiling lm35.c...
compiling adc.c...
compiling Interrupt.c...
compiling uart.c...
compiling I2C.c...
compiling kpm.c...
compiling lcd.c...
compiling LED.c...
compiling GSM.c...
compiling eeprom.c...
linking...
source.axf: Error: L6218E: Undefined symbol redLED (referred from mainfunctions.o).
source.axf: Not enough information to list image symbols.
source.axf: Finished: 1 information, 0 warning and 1 error messages.
Target not created
Build target 'Source'
assembling Startup.s...
compiling delay.c...
compiling main.c...
compiling mainFunctions.c...
compiling MQ2.c...
compiling lm35.c...
compiling adc.c...
compiling Interrupt.c...
compiling uart.c...
compiling I2C.c...
compiling kpm.c...
compiling lcd.c...
compiling LED.c...
compiling GSM.c...
compiling eeprom.c...
linking...
Program Size: Code=6224 RO-data=32 RW-data=16 ZI-data=1288  
FromELF: creating hex file...
"source.axf" - 0 Error(s), 0 Warning(s).
Build target 'Source'
assembling Startup.s...
compiling delay.c...
compiling main.c...
compiling mainFunctions.c...
compiling MQ2.c...
compiling lm35.c...
compiling adc.c...
compiling Interrupt.c...
compiling uart.c...
compiling I2C.c...
compiling kpm.c...
compiling lcd.c...
compiling LED.c...
compiling GSM.c...
compiling eeprom.c...
linking...
Program Size: Code=6224 RO-data=32 RW-data=16 ZI-data=1288  
FromELF: creating hex file...
"source.axf" - 0 Error(s), 0 Warning(s).
Build target 'Source'
assembling Startup.s...
compiling delay.c...
compiling main.c...
compiling mainFunctions.c...
compiling MQ2.c...
compiling lm35.c...
compiling adc.c...
compiling Interrupt.c...
compiling uart.c...
compiling I2C.c...
compiling kpm.c...
compiling lcd.c...
compiling LED.c...
compiling GSM.c...
compiling eeprom.c...
linking...
Program Size: Code=6224 RO-data=32 RW-data=16 ZI-data=1288  
FromELF: creating hex file...
"source.axf" - 0 Error(s), 0 Warning(s).
Build target 'Source'
assembling Startup.s...
compiling delay.c...
compiling main.c...
compiling mainFunctions.c...
compiling MQ2.c...
compiling lm35.c...
compiling adc.c...
compiling Interrupt.c...
compiling uart.c...
compiling I2C.c...
compiling kpm.c...
compiling lcd.c...
compiling LED.c...
LED\LED.c(9): error:  #29: expected an expression
LED\LED.c:      IOSET0 = ;
LED\LED.c:               ^
LED\LED.c: LED\LED.c: 0 warnings, 1 error
compiling GSM.c...
compiling eeprom.c...
Target not created
Build target 'Source'
assembling Startup.s...
compiling delay.c...
compiling main.c...
compiling mainFunctions.c...
compiling MQ2.c...
compiling lm35.c...
compiling adc.c...
compiling Interrupt.c...
compiling uart.c...
compiling I2C.c...
compiling kpm.c...
compiling lcd.c...
compiling LED.c...
compiling GSM.c...
compiling eeprom.c...
linking...
Program Size: Code=6272 RO-data=32 RW-data=16 ZI-data=1288  
FromELF: creating hex file...
"source.axf" - 0 Error(s), 0 Warning(s).
Build target 'Source'
assembling Startup.s...
compiling delay.c...
compiling main.c...
Header/header.h(15): error:  #130: expected a "{"
Header/header.h:   int ackSwitch(void)
Header/header.h:   ^
src\main.c(4): warning:  #12-D: parsing restarts here after previous syntax error
src\main.c:   {
src\main.c:   ^
src\main.c: src\main.c: 1 warning, 1 error
compiling mainFunctions.c...
Header/header.h(15): error:  #130: expected a "{"
Header/header.h:   int ackSwitch(void)
Header/header.h:   ^
src\mainFunctions.c(6): warning:  #12-D: parsing restarts here after previous syntax error
src\mainFunctions.c:   {
src\mainFunctions.c:   ^
src\mainFunctions.c(10): error:  #247: function "interSwitch" has already been defined
src\mainFunctions.c:   int interSwitch()
src\mainFunctions.c:       ^
src\mainFunctions.c: src\mainFunctions.c: 1 warning, 2 errors
compiling MQ2.c...
compiling lm35.c...
compiling adc.c...
compiling Interrupt.c...
compiling uart.c...
compiling I2C.c...
compiling kpm.c...
compiling lcd.c...
compiling LED.c...
compiling GSM.c...
compiling eeprom.c...
Target not created
Build target 'Source'
assembling Startup.s...
compiling delay.c...
compiling main.c...
compiling mainFunctions.c...
compiling MQ2.c...
compiling lm35.c...
compiling adc.c...
compiling Interrupt.c...
compiling uart.c...
compiling I2C.c...
compiling kpm.c...
compiling lcd.c...
compiling LED.c...
compiling GSM.c...
compiling eeprom.c...
linking...
Program Size: Code=6300 RO-data=32 RW-data=16 ZI-data=1288  
FromELF: creating hex file...
"source.axf" - 0 Error(s), 0 Warning(s).
Build target 'Source'
assembling Startup.s...
compiling delay.c...
compiling main.c...
compiling mainFunctions.c...
compiling MQ2.c...
compiling lm35.c...
compiling adc.c...
compiling Interrupt.c...
compiling uart.c...
compiling I2C.c...
compiling kpm.c...
compiling lcd.c...
compiling LED.c...
compiling GSM.c...
compiling eeprom.c...
linking...
Program Size: Code=6328 RO-data=32 RW-data=16 ZI-data=1288  
FromELF: creating hex file...
"source.axf" - 0 Error(s), 0 Warning(s).
Build target 'Source'
assembling Startup.s...
compiling delay.c...
compiling main.c...
compiling mainFunctions.c...
compiling MQ2.c...
compiling lm35.c...
compiling adc.c...
compiling Interrupt.c...
UART\Interrupt.c(18): warning:  #223-D: function "LCDStart" declared implicitly
UART\Interrupt.c:       LCDStart();
UART\Interrupt.c:       ^
UART\Interrupt.c: UART\Interrupt.c: 1 warning, 0 errors
compiling uart.c...
compiling I2C.c...
compiling kpm.c...
compiling lcd.c...
compiling LED.c...
compiling GSM.c...
compiling eeprom.c...
linking...
Program Size: Code=6288 RO-data=32 RW-data=16 ZI-data=1288  
FromELF: creating hex file...
"source.axf" - 0 Error(s), 1 Warning(s).
Build target 'Source'
assembling Startup.s...
compiling delay.c...
compiling main.c...
compiling mainFunctions.c...
compiling MQ2.c...
compiling lm35.c...
compiling adc.c...
compiling Interrupt.c...
compiling uart.c...
compiling I2C.c...
compiling kpm.c...
compiling lcd.c...
compiling LED.c...
compiling GSM.c...
compiling eeprom.c...
linking...
Program Size: Code=6288 RO-data=32 RW-data=16 ZI-data=1288  
FromELF: creating hex file...
"source.axf" - 0 Error(s), 0 Warning(s).
