<html>
<body>
<pre>
<h1>µVision Build Log</h1>
<h2>Project:</h2>
C:\CM DATA\ucs\ARM\PROJECTS\V22HE9\LMS DATA\REFERENCE PROGRAMS\RTC_LPC2148\RTC.uvproj
Project File Date:  09/09/2023

<h2>Output:</h2>
Rebuild target 'Target 1'
assembling Startup.s...
compiling mainrtc.c...
compiling uart0.c...
compiling delay.c...
linking...
Program Size: Code=2640 RO-data=16 RW-data=0 ZI-data=1256  
FromELF: creating hex file...
".\RTC3.axf" - 0 Error(s), 0 Warning(s).
</pre>
</body>
</html>
